2025-06-17 15:10:10,393 | INFO | SIGNAL_RECEIVED | Signal: 2
2025-06-17 15:10:10,393 | INFO | SHUTDOWN_START | Beginning cleanup process
2025-06-17 15:10:10,394 | INFO | FLUSH_BATCHES_START | Flushing remaining data
2025-06-17 15:10:10,532 | INFO | ORDERBOOK_BATCH_WRITTEN | Records: 449 | Total written: 1949
2025-06-17 15:10:10,566 | INFO | TRADE_BATCH_WRITTEN | Records: 49 | Total written: 49
2025-06-17 15:10:10,566 | INFO | FLUSH_BATCHES_COMPLETE | All batches successfully flushed
2025-06-17 15:10:10,566 | INFO | SHUTDOWN_STATS | {'total_orderbook_updates': 1949, 'total_trades': 49, 'updates_written': 1949, 'trades_written': 49, 'pending_orderbook': 0, 'pending_trades': 0, 'time_since_last_orderbook_update': 552.3883926868439}
2025-06-17 15:10:10,688 | INFO | SHUTDOWN_START | Beginning cleanup process
2025-06-17 15:10:10,688 | INFO | FLUSH_BATCHES_START | Flushing remaining data
2025-06-17 15:10:10,688 | INFO | FLUSH_BATCHES_COMPLETE | All batches successfully flushed
2025-06-17 15:10:10,688 | INFO | SHUTDOWN_STATS | {'total_orderbook_updates': 1949, 'total_trades': 49, 'updates_written': 1949, 'trades_written': 49, 'pending_orderbook': 0, 'pending_trades': 0, 'time_since_last_orderbook_update': 552.5105540752411}
2025-06-17 15:10:16,652 | INFO | ================================================================================
2025-06-17 15:10:16,652 | INFO | KALSHI DATA COLLECTOR STARTED
2025-06-17 15:10:16,653 | INFO | ================================================================================
2025-06-17 15:10:16,653 | INFO | Kalshi Data Collector initialized with 75 markets
2025-06-17 15:10:16,653 | INFO | Orderbook file: data/kalshi_orderbook_data.parquet
2025-06-17 15:10:16,653 | INFO | Trade file: data/kalshi_trade_data.parquet
2025-06-17 15:10:16,653 | INFO | Batch sizes - Orderbook: 500, Trade: 200
2025-06-17 15:10:16,653 | INFO | Orderbook timeout: 15 seconds
2025-06-17 15:10:16,669 | INFO | MAIN_START | Restart count: 1 | Markets: 75
2025-06-17 15:10:17,243 | INFO | WEBSOCKET_CONNECTED | Successfully connected to Kalshi WebSocket
2025-06-17 15:10:17,244 | INFO | SUBSCRIPTION_SENT | Orderbook delta subscription sent
2025-06-17 15:10:17,244 | INFO | SUBSCRIPTION_SENT | Trade subscription sent
2025-06-17 15:10:17,357 | INFO | SUBSCRIPTION_CONFIRMED | Channel: trade | SID: 1
2025-06-17 15:10:17,357 | INFO | SUBSCRIPTION_CONFIRMED | Channel: orderbook_delta | SID: 2
2025-06-17 15:10:49,201 | INFO | ORDERBOOK_BATCH_WRITTEN | Records: 500 | Total written: 500
2025-06-17 15:11:16,727 | INFO | STATUS_REPORT | {'total_orderbook_updates': 982, 'total_trades': 11, 'updates_written': 500, 'trades_written': 0, 'pending_orderbook': 482, 'pending_trades': 11, 'time_since_last_orderbook_update': 0.4049844741821289}
2025-06-17 15:11:19,408 | INFO | ORDERBOOK_BATCH_WRITTEN | Records: 500 | Total written: 1000
2025-06-17 15:11:48,650 | INFO | ORDERBOOK_BATCH_WRITTEN | Records: 500 | Total written: 1500
2025-06-17 15:12:16,731 | INFO | STATUS_REPORT | {'total_orderbook_updates': 1857, 'total_trades': 19, 'updates_written': 1500, 'trades_written': 0, 'pending_orderbook': 357, 'pending_trades': 19, 'time_since_last_orderbook_update': 0.07194042205810547}
2025-06-17 15:12:31,075 | INFO | ORDERBOOK_BATCH_WRITTEN | Records: 500 | Total written: 2000
2025-06-17 15:13:08,562 | INFO | ORDERBOOK_BATCH_WRITTEN | Records: 500 | Total written: 2500
2025-06-17 15:13:16,736 | INFO | STATUS_REPORT | {'total_orderbook_updates': 2627, 'total_trades': 38, 'updates_written': 2500, 'trades_written': 0, 'pending_orderbook': 127, 'pending_trades': 38, 'time_since_last_orderbook_update': 0.07129192352294922}
2025-06-17 15:13:46,693 | INFO | ORDERBOOK_BATCH_WRITTEN | Records: 500 | Total written: 3000
2025-06-17 15:14:16,750 | INFO | STATUS_REPORT | {'total_orderbook_updates': 3495, 'total_trades': 47, 'updates_written': 3000, 'trades_written': 0, 'pending_orderbook': 495, 'pending_trades': 47, 'time_since_last_orderbook_update': 0.12891459465026855}
2025-06-17 15:14:17,000 | INFO | ORDERBOOK_BATCH_WRITTEN | Records: 500 | Total written: 3500
2025-06-17 15:14:39,785 | INFO | ORDERBOOK_BATCH_WRITTEN | Records: 500 | Total written: 4000
