2025-06-17 12:21:13,712 | INFO | ================================================================================
2025-06-17 12:21:13,712 | INFO | BRTI DATA COLLECTOR STARTED
2025-06-17 12:21:13,713 | INFO | ================================================================================
2025-06-17 12:21:33,718 | INFO | CONNECTION_TEST | {"test_time": "2025-06-17T12:21:33.718789", "success": true, "error_message": null}
2025-06-17 12:21:33,719 | INFO | SESSION_START | Session #1 | Time: 2025-06-17 12:21:33.719680
2025-06-17 12:21:33,729 | INFO | PRICE_UPDATE | {"update_time": "2025-06-17T12:21:33.729057", "price": 104276.83, "session_update_count": 1, "session_duration_minutes": 0.0}
2025-06-17 12:21:34,067 | INFO | PRICE_UPDATE | {"update_time": "2025-06-17T12:21:34.067588", "price": 104292.41, "session_update_count": 2, "session_duration_minutes": 0.01}
2025-06-17 12:21:35,037 | INFO | PRICE_UPDATE | {"update_time": "2025-06-17T12:21:35.037042", "price": 104294.71, "session_update_count": 3, "session_duration_minutes": 0.02}
2025-06-17 12:21:36,060 | INFO | PRICE_UPDATE | {"update_time": "2025-06-17T12:21:36.060021", "price": 104283.55, "session_update_count": 4, "session_duration_minutes": 0.04}
2025-06-17 12:21:37,030 | INFO | PRICE_UPDATE | {"update_time": "2025-06-17T12:21:37.030449", "price": 104285.49, "session_update_count": 5, "session_duration_minutes": 0.06}
2025-06-17 12:23:11,960 | INFO | PRICE_UPDATE | {"update_time": "2025-06-17T12:23:11.960304", "price": 104224.91, "session_update_count": 100, "session_duration_minutes": 1.64}
2025-06-17 12:23:55,072 | INFO | SESSION_END | {"session_number": 1, "start_time": "2025-06-17T12:21:33.719670", "end_time": "2025-06-17T12:23:55.072647", "duration_seconds": 141.35, "duration_minutes": 2.36, "price_updates_received": 143, "end_reason": "user_interrupt", "retry_count": null, "updates_per_minute": 60.7}
2025-06-17 12:23:55,073 | INFO | SESSION_SUMMARY | Session #1 lasted 2.4 minutes with 143 updates | Reason: user_interrupt
2025-06-17 12:23:55,574 | INFO | SHUTDOWN | All remaining batches flushed
2025-06-17 12:23:59,077 | INFO | ================================================================================
2025-06-17 12:23:59,078 | INFO | BRTI DATA COLLECTOR STARTED
2025-06-17 12:23:59,078 | INFO | ================================================================================
2025-06-17 12:24:09,329 | INFO | CONNECTION_TEST | {"test_time": "2025-06-17T12:24:09.329595", "success": true, "error_message": null}
2025-06-17 12:24:09,330 | INFO | SESSION_START | Session #1 | Time: 2025-06-17 12:24:09.330643
2025-06-17 12:24:09,348 | INFO | PRICE_UPDATE | {"update_time": "2025-06-17T12:24:09.348788", "price": 104261.34, "session_update_count": 1, "session_duration_minutes": 0.0}
2025-06-17 12:24:10,042 | INFO | PRICE_UPDATE | {"update_time": "2025-06-17T12:24:10.042106", "price": 104256.0, "session_update_count": 2, "session_duration_minutes": 0.01}
2025-06-17 12:24:11,066 | INFO | PRICE_UPDATE | {"update_time": "2025-06-17T12:24:11.066549", "price": 104258.7, "session_update_count": 3, "session_duration_minutes": 0.03}
2025-06-17 12:24:12,052 | INFO | PRICE_UPDATE | {"update_time": "2025-06-17T12:24:12.052019", "price": 104248.3, "session_update_count": 4, "session_duration_minutes": 0.05}
2025-06-17 12:24:13,047 | INFO | PRICE_UPDATE | {"update_time": "2025-06-17T12:24:13.047212", "price": 104250.55, "session_update_count": 5, "session_duration_minutes": 0.06}
2025-06-17 12:25:48,019 | INFO | PRICE_UPDATE | {"update_time": "2025-06-17T12:25:48.019432", "price": 104217.77, "session_update_count": 100, "session_duration_minutes": 1.64}
2025-06-17 12:27:28,011 | INFO | PRICE_UPDATE | {"update_time": "2025-06-17T12:27:28.011527", "price": 104182.86, "session_update_count": 200, "session_duration_minutes": 3.31}
2025-06-17 12:29:08,047 | INFO | PRICE_UPDATE | {"update_time": "2025-06-17T12:29:08.047260", "price": 104246.58, "session_update_count": 300, "session_duration_minutes": 4.98}
2025-06-17 12:30:48,039 | INFO | PRICE_UPDATE | {"update_time": "2025-06-17T12:30:48.038963", "price": 104182.96, "session_update_count": 400, "session_duration_minutes": 6.65}
2025-06-17 12:32:28,043 | INFO | PRICE_UPDATE | {"update_time": "2025-06-17T12:32:28.043457", "price": 104206.69, "session_update_count": 500, "session_duration_minutes": 8.31}
2025-06-17 12:34:08,036 | INFO | PRICE_UPDATE | {"update_time": "2025-06-17T12:34:08.035926", "price": 104150.34, "session_update_count": 600, "session_duration_minutes": 9.98}
2025-06-17 12:35:48,027 | INFO | PRICE_UPDATE | {"update_time": "2025-06-17T12:35:48.026888", "price": 104270.36, "session_update_count": 700, "session_duration_minutes": 11.64}
2025-06-17 12:37:28,043 | INFO | PRICE_UPDATE | {"update_time": "2025-06-17T12:37:28.042993", "price": 104372.58, "session_update_count": 800, "session_duration_minutes": 13.31}
2025-06-17 12:39:08,041 | INFO | PRICE_UPDATE | {"update_time": "2025-06-17T12:39:08.041088", "price": 104429.55, "session_update_count": 900, "session_duration_minutes": 14.98}
2025-06-17 12:40:48,054 | INFO | PRICE_UPDATE | {"update_time": "2025-06-17T12:40:48.054816", "price": 104393.7, "session_update_count": 1000, "session_duration_minutes": 16.65}
2025-06-17 12:42:28,048 | INFO | PRICE_UPDATE | {"update_time": "2025-06-17T12:42:28.048687", "price": 104344.93, "session_update_count": 1100, "session_duration_minutes": 18.31}
2025-06-17 12:44:08,069 | INFO | PRICE_UPDATE | {"update_time": "2025-06-17T12:44:08.069392", "price": 104280.18, "session_update_count": 1200, "session_duration_minutes": 19.98}
2025-06-17 12:45:48,069 | INFO | PRICE_UPDATE | {"update_time": "2025-06-17T12:45:48.069530", "price": 104146.18, "session_update_count": 1300, "session_duration_minutes": 21.65}
2025-06-17 12:47:28,066 | INFO | PRICE_UPDATE | {"update_time": "2025-06-17T12:47:28.066493", "price": 104106.78, "session_update_count": 1400, "session_duration_minutes": 23.31}
2025-06-17 12:49:08,132 | INFO | PRICE_UPDATE | {"update_time": "2025-06-17T12:49:08.132500", "price": 103946.08, "session_update_count": 1500, "session_duration_minutes": 24.98}
2025-06-17 12:50:48,117 | INFO | PRICE_UPDATE | {"update_time": "2025-06-17T12:50:48.117571", "price": 103767.61, "session_update_count": 1600, "session_duration_minutes": 26.65}
2025-06-17 12:52:28,142 | INFO | PRICE_UPDATE | {"update_time": "2025-06-17T12:52:28.142108", "price": 103706.57, "session_update_count": 1700, "session_duration_minutes": 28.31}
2025-06-17 12:54:08,122 | INFO | PRICE_UPDATE | {"update_time": "2025-06-17T12:54:08.122178", "price": 103599.27, "session_update_count": 1800, "session_duration_minutes": 29.98}
2025-06-17 12:55:48,108 | INFO | PRICE_UPDATE | {"update_time": "2025-06-17T12:55:48.108841", "price": 103568.72, "session_update_count": 1900, "session_duration_minutes": 31.65}
2025-06-17 12:57:28,085 | INFO | PRICE_UPDATE | {"update_time": "2025-06-17T12:57:28.085043", "price": 103568.26, "session_update_count": 2000, "session_duration_minutes": 33.31}
2025-06-17 12:59:08,134 | INFO | PRICE_UPDATE | {"update_time": "2025-06-17T12:59:08.134175", "price": 103555.4, "session_update_count": 2100, "session_duration_minutes": 34.98}
2025-06-17 13:00:48,097 | INFO | PRICE_UPDATE | {"update_time": "2025-06-17T13:00:48.097674", "price": 103638.79, "session_update_count": 2200, "session_duration_minutes": 36.65}
2025-06-17 13:02:28,121 | INFO | PRICE_UPDATE | {"update_time": "2025-06-17T13:02:28.121541", "price": 103553.4, "session_update_count": 2300, "session_duration_minutes": 38.31}
2025-06-17 13:04:07,993 | INFO | PRICE_UPDATE | {"update_time": "2025-06-17T13:04:07.993476", "price": 103567.99, "session_update_count": 2400, "session_duration_minutes": 39.98}
2025-06-17 13:05:48,115 | INFO | PRICE_UPDATE | {"update_time": "2025-06-17T13:05:48.115317", "price": 103398.14, "session_update_count": 2500, "session_duration_minutes": 41.65}
2025-06-17 13:07:28,097 | INFO | PRICE_UPDATE | {"update_time": "2025-06-17T13:07:28.097292", "price": 103389.55, "session_update_count": 2600, "session_duration_minutes": 43.31}
2025-06-17 13:09:08,110 | INFO | PRICE_UPDATE | {"update_time": "2025-06-17T13:09:08.109890", "price": 103552.74, "session_update_count": 2700, "session_duration_minutes": 44.98}
2025-06-17 13:10:48,112 | INFO | PRICE_UPDATE | {"update_time": "2025-06-17T13:10:48.111928", "price": 103798.73, "session_update_count": 2800, "session_duration_minutes": 46.65}
2025-06-17 13:12:27,958 | INFO | PRICE_UPDATE | {"update_time": "2025-06-17T13:12:27.958673", "price": 103778.93, "session_update_count": 2900, "session_duration_minutes": 48.31}
